2025-01-17 21:10:12,569 INFO: PRAGMA main.table_xinfo("participants")
2025-01-17 21:10:12,570 INFO: [raw sql] ()
2025-01-17 21:10:12,572 INFO: 移除舊的 check_in_status 欄位...
2025-01-17 21:10:12,573 INFO: BEGIN (implicit)
2025-01-17 21:10:12,573 INFO: ALTER TABLE participants DROP COLUMN IF EXISTS check_in_status
2025-01-17 21:10:12,574 INFO: [generated in 0.00061s] ()
2025-01-17 21:10:12,575 ERROR: 數據庫更新失敗: (sqlite3.OperationalError) near "DROP": syntax error
[SQL: ALTER TABLE participants DROP COLUMN IF EXISTS check_in_status]
(Background on this error at: https://sqlalche.me/e/14/e3q8)
2025-01-17 21:10:12,578 ERROR: Traceback (most recent call last):
  File "d:\dev\gold\venv\lib\site-packages\sqlalchemy\engine\base.py", line 1771, in _execute_context
    self.dialect.do_execute(
  File "d:\dev\gold\venv\lib\site-packages\sqlalchemy\engine\default.py", line 717, in do_execute
    cursor.execute(statement, parameters)
sqlite3.OperationalError: near "DROP": syntax error

The above exception was the direct cause of the following exception:

Traceback (most recent call last):
  File "D:\Dev\Gold\app.py", line 1297, in <module>
    db.session.execute('ALTER TABLE participants DROP COLUMN IF EXISTS check_in_status')
  File "<string>", line 2, in execute
  File "d:\dev\gold\venv\lib\site-packages\sqlalchemy\orm\session.py", line 1689, in execute
    result = conn._execute_20(statement, params or {}, execution_options)
  File "d:\dev\gold\venv\lib\site-packages\sqlalchemy\engine\base.py", line 1583, in _execute_20
    return meth(self, args_10style, kwargs_10style, execution_options)
  File "d:\dev\gold\venv\lib\site-packages\sqlalchemy\sql\elements.py", line 323, in _execute_on_connection
    return connection._execute_clauseelement(
  File "d:\dev\gold\venv\lib\site-packages\sqlalchemy\engine\base.py", line 1452, in _execute_clauseelement
    ret = self._execute_context(
  File "d:\dev\gold\venv\lib\site-packages\sqlalchemy\engine\base.py", line 1814, in _execute_context
    self._handle_dbapi_exception(
  File "d:\dev\gold\venv\lib\site-packages\sqlalchemy\engine\base.py", line 1995, in _handle_dbapi_exception
    util.raise_(
  File "d:\dev\gold\venv\lib\site-packages\sqlalchemy\util\compat.py", line 207, in raise_
    raise exception
  File "d:\dev\gold\venv\lib\site-packages\sqlalchemy\engine\base.py", line 1771, in _execute_context
    self.dialect.do_execute(
  File "d:\dev\gold\venv\lib\site-packages\sqlalchemy\engine\default.py", line 717, in do_execute
    cursor.execute(statement, parameters)
sqlalchemy.exc.OperationalError: (sqlite3.OperationalError) near "DROP": syntax error
[SQL: ALTER TABLE participants DROP COLUMN IF EXISTS check_in_status]
(Background on this error at: https://sqlalche.me/e/14/e3q8)

2025-01-17 21:10:12,579 INFO: ROLLBACK
2025-01-17 21:10:12,582 ERROR: Error: Directory migrations already exists and is not empty
2025-01-17 21:11:32,288 INFO: PRAGMA main.table_xinfo("participants")
2025-01-17 21:11:32,289 INFO: [raw sql] ()
2025-01-17 21:11:32,290 INFO: PRAGMA temp.table_xinfo("participants")
2025-01-17 21:11:32,290 INFO: [raw sql] ()
2025-01-17 21:11:32,291 INFO: 開始添加 checked_in 欄位...
2025-01-17 21:11:32,292 INFO: BEGIN (implicit)
2025-01-17 21:11:32,293 INFO: 
                ALTER TABLE participants 
                ADD COLUMN checked_in BOOLEAN DEFAULT FALSE
            
2025-01-17 21:11:32,293 INFO: [generated in 0.00033s] ()
2025-01-17 21:11:32,294 ERROR: 數據庫更新失敗: (sqlite3.OperationalError) no such table: participants
[SQL: 
                ALTER TABLE participants 
                ADD COLUMN checked_in BOOLEAN DEFAULT FALSE
            ]
(Background on this error at: https://sqlalche.me/e/14/e3q8)
2025-01-17 21:11:32,298 ERROR: Traceback (most recent call last):
  File "d:\dev\gold\venv\lib\site-packages\sqlalchemy\engine\base.py", line 1771, in _execute_context
    self.dialect.do_execute(
  File "d:\dev\gold\venv\lib\site-packages\sqlalchemy\engine\default.py", line 717, in do_execute
    cursor.execute(statement, parameters)
sqlite3.OperationalError: no such table: participants

The above exception was the direct cause of the following exception:

Traceback (most recent call last):
  File "D:\Dev\Gold\app.py", line 1297, in <module>
    db.session.execute('''
  File "<string>", line 2, in execute
  File "d:\dev\gold\venv\lib\site-packages\sqlalchemy\orm\session.py", line 1689, in execute
    result = conn._execute_20(statement, params or {}, execution_options)
  File "d:\dev\gold\venv\lib\site-packages\sqlalchemy\engine\base.py", line 1583, in _execute_20
    return meth(self, args_10style, kwargs_10style, execution_options)
  File "d:\dev\gold\venv\lib\site-packages\sqlalchemy\sql\elements.py", line 323, in _execute_on_connection
    return connection._execute_clauseelement(
  File "d:\dev\gold\venv\lib\site-packages\sqlalchemy\engine\base.py", line 1452, in _execute_clauseelement
    ret = self._execute_context(
  File "d:\dev\gold\venv\lib\site-packages\sqlalchemy\engine\base.py", line 1814, in _execute_context
    self._handle_dbapi_exception(
  File "d:\dev\gold\venv\lib\site-packages\sqlalchemy\engine\base.py", line 1995, in _handle_dbapi_exception
    util.raise_(
  File "d:\dev\gold\venv\lib\site-packages\sqlalchemy\util\compat.py", line 207, in raise_
    raise exception
  File "d:\dev\gold\venv\lib\site-packages\sqlalchemy\engine\base.py", line 1771, in _execute_context
    self.dialect.do_execute(
  File "d:\dev\gold\venv\lib\site-packages\sqlalchemy\engine\default.py", line 717, in do_execute
    cursor.execute(statement, parameters)
sqlalchemy.exc.OperationalError: (sqlite3.OperationalError) no such table: participants
[SQL: 
                ALTER TABLE participants 
                ADD COLUMN checked_in BOOLEAN DEFAULT FALSE
            ]
(Background on this error at: https://sqlalche.me/e/14/e3q8)

2025-01-17 21:11:32,299 INFO: ROLLBACK
2025-01-17 21:11:41,395 INFO: PRAGMA main.table_xinfo("participants")
2025-01-17 21:11:41,396 INFO: [raw sql] ()
2025-01-17 21:11:41,397 INFO: PRAGMA temp.table_xinfo("participants")
2025-01-17 21:11:41,398 INFO: [raw sql] ()
2025-01-17 21:11:41,399 INFO: 開始添加 checked_in 欄位...
2025-01-17 21:11:41,400 INFO: BEGIN (implicit)
2025-01-17 21:11:41,401 INFO: 
                ALTER TABLE participants 
                ADD COLUMN checked_in BOOLEAN DEFAULT FALSE
            
2025-01-17 21:11:41,401 INFO: [generated in 0.00061s] ()
2025-01-17 21:11:41,402 ERROR: 數據庫更新失敗: (sqlite3.OperationalError) no such table: participants
[SQL: 
                ALTER TABLE participants 
                ADD COLUMN checked_in BOOLEAN DEFAULT FALSE
            ]
(Background on this error at: https://sqlalche.me/e/14/e3q8)
2025-01-17 21:11:41,406 ERROR: Traceback (most recent call last):
  File "d:\dev\gold\venv\lib\site-packages\sqlalchemy\engine\base.py", line 1771, in _execute_context
    self.dialect.do_execute(
  File "d:\dev\gold\venv\lib\site-packages\sqlalchemy\engine\default.py", line 717, in do_execute
    cursor.execute(statement, parameters)
sqlite3.OperationalError: no such table: participants

The above exception was the direct cause of the following exception:

Traceback (most recent call last):
  File "D:\Dev\Gold\app.py", line 1297, in <module>
    db.session.execute('''
  File "<string>", line 2, in execute
  File "d:\dev\gold\venv\lib\site-packages\sqlalchemy\orm\session.py", line 1689, in execute
    result = conn._execute_20(statement, params or {}, execution_options)
  File "d:\dev\gold\venv\lib\site-packages\sqlalchemy\engine\base.py", line 1583, in _execute_20
    return meth(self, args_10style, kwargs_10style, execution_options)
  File "d:\dev\gold\venv\lib\site-packages\sqlalchemy\sql\elements.py", line 323, in _execute_on_connection
    return connection._execute_clauseelement(
  File "d:\dev\gold\venv\lib\site-packages\sqlalchemy\engine\base.py", line 1452, in _execute_clauseelement
    ret = self._execute_context(
  File "d:\dev\gold\venv\lib\site-packages\sqlalchemy\engine\base.py", line 1814, in _execute_context
    self._handle_dbapi_exception(
  File "d:\dev\gold\venv\lib\site-packages\sqlalchemy\engine\base.py", line 1995, in _handle_dbapi_exception
    util.raise_(
  File "d:\dev\gold\venv\lib\site-packages\sqlalchemy\util\compat.py", line 207, in raise_
    raise exception
  File "d:\dev\gold\venv\lib\site-packages\sqlalchemy\engine\base.py", line 1771, in _execute_context
    self.dialect.do_execute(
  File "d:\dev\gold\venv\lib\site-packages\sqlalchemy\engine\default.py", line 717, in do_execute
    cursor.execute(statement, parameters)
sqlalchemy.exc.OperationalError: (sqlite3.OperationalError) no such table: participants
[SQL: 
                ALTER TABLE participants 
                ADD COLUMN checked_in BOOLEAN DEFAULT FALSE
            ]
(Background on this error at: https://sqlalche.me/e/14/e3q8)

2025-01-17 21:11:41,407 INFO: ROLLBACK
2025-01-17 21:11:50,872 INFO: PRAGMA main.table_xinfo("participants")
2025-01-17 21:11:50,874 INFO: [raw sql] ()
2025-01-17 21:11:50,874 INFO: PRAGMA temp.table_xinfo("participants")
2025-01-17 21:11:50,875 INFO: [raw sql] ()
2025-01-17 21:11:50,875 INFO: 開始添加 checked_in 欄位...
2025-01-17 21:11:50,876 INFO: BEGIN (implicit)
2025-01-17 21:11:50,877 INFO: 
                ALTER TABLE participants 
                ADD COLUMN checked_in BOOLEAN DEFAULT FALSE
            
2025-01-17 21:11:50,877 INFO: [generated in 0.00044s] ()
2025-01-17 21:11:50,878 ERROR: 數據庫更新失敗: (sqlite3.OperationalError) no such table: participants
[SQL: 
                ALTER TABLE participants 
                ADD COLUMN checked_in BOOLEAN DEFAULT FALSE
            ]
(Background on this error at: https://sqlalche.me/e/14/e3q8)
2025-01-17 21:11:50,882 ERROR: Traceback (most recent call last):
  File "d:\dev\gold\venv\lib\site-packages\sqlalchemy\engine\base.py", line 1771, in _execute_context
    self.dialect.do_execute(
  File "d:\dev\gold\venv\lib\site-packages\sqlalchemy\engine\default.py", line 717, in do_execute
    cursor.execute(statement, parameters)
sqlite3.OperationalError: no such table: participants

The above exception was the direct cause of the following exception:

Traceback (most recent call last):
  File "D:\Dev\Gold\app.py", line 1297, in <module>
    db.session.execute('''
  File "<string>", line 2, in execute
  File "d:\dev\gold\venv\lib\site-packages\sqlalchemy\orm\session.py", line 1689, in execute
    result = conn._execute_20(statement, params or {}, execution_options)
  File "d:\dev\gold\venv\lib\site-packages\sqlalchemy\engine\base.py", line 1583, in _execute_20
    return meth(self, args_10style, kwargs_10style, execution_options)
  File "d:\dev\gold\venv\lib\site-packages\sqlalchemy\sql\elements.py", line 323, in _execute_on_connection
    return connection._execute_clauseelement(
  File "d:\dev\gold\venv\lib\site-packages\sqlalchemy\engine\base.py", line 1452, in _execute_clauseelement
    ret = self._execute_context(
  File "d:\dev\gold\venv\lib\site-packages\sqlalchemy\engine\base.py", line 1814, in _execute_context
    self._handle_dbapi_exception(
  File "d:\dev\gold\venv\lib\site-packages\sqlalchemy\engine\base.py", line 1995, in _handle_dbapi_exception
    util.raise_(
  File "d:\dev\gold\venv\lib\site-packages\sqlalchemy\util\compat.py", line 207, in raise_
    raise exception
  File "d:\dev\gold\venv\lib\site-packages\sqlalchemy\engine\base.py", line 1771, in _execute_context
    self.dialect.do_execute(
  File "d:\dev\gold\venv\lib\site-packages\sqlalchemy\engine\default.py", line 717, in do_execute
    cursor.execute(statement, parameters)
sqlalchemy.exc.OperationalError: (sqlite3.OperationalError) no such table: participants
[SQL: 
                ALTER TABLE participants 
                ADD COLUMN checked_in BOOLEAN DEFAULT FALSE
            ]
(Background on this error at: https://sqlalche.me/e/14/e3q8)

2025-01-17 21:11:50,883 INFO: ROLLBACK
